// Jest Snapshot v1, https://goo.gl/fbAQLP

exports[`App component renders App 1`] = `
<BrowserRouter>
  <Switch>
    <StoreProvider>
      <Memo(GlobalStyleComponent) />
      <main>
        <Route
          component={[Function]}
          exact={true}
          path="/"
        />
        <Route
          component={[Function]}
          path="/checkout"
        />
        <Route
          component={[Function]}
          path="/thanks"
        />
      </main>
    </StoreProvider>
  </Switch>
</BrowserRouter>
`;
